    9    6    6    5    2bck
m  -24
k
m
   32
Completion took 6 ms